---
source: borsh/tests/test_simple_structs.rs
expression: encoded
---
[
    0,
    13,
    0,
]
